[techbird.org/omnivus/home-1/index.html]
[backblue.gif]
[fade.gif]
[index.html]
[techbird.org/omnivus/home-1/wp-includes/css/dist/block-library/style.min1eb7.css]
[techbird.org/omnivus/home-1/feed/index.html]
[techbird.org/omnivus/home-1/comments/feed/index.html]
[techbird.org/omnivus/home-1/wp-content/plugins/contact-form-7/includes/css/styles3960.css]
[techbird.org/omnivus/home-1/wp-content/plugins/omnivuscore/assets/css/widgets8a54.css]
[techbird.org/omnivus/home-1/wp-content/plugins/omnivuscore/assets/css/overwrite8a54.css]
[techbird.org/omnivus/home-1/wp-content/plugins/ultimate-addon/assets/css/widgets7359.css]
[techbird.org/omnivus/home-1/wp-content/plugins/ultimate-addon/assets/css/overwrite7359.css]
[techbird.org/omnivus/home-1/wp-content/themes/omnivus-child/stylef488.css]
[techbird.org/omnivus/home-1/wp-content/themes/omnivus/assets/fonts/fontsf488.css]
[techbird.org/omnivus/home-1/wp-content/themes/omnivus/assets/css/plugins/animate8a54.css]
[techbird.org/omnivus/home-1/wp-content/plugins/omnivuscore/assets/css/owl.carousel8a54.css]
[techbird.org/omnivus/home-1/wp-content/themes/omnivus/assets/css/plugins/stellarnav.min001e.css]
[techbird.org/omnivus/home-1/wp-content/themes/omnivus/assets/css/plugins/jquery.selectbox001e.css]
[techbird.org/omnivus/home-1/wp-content/themes/omnivus/assets/css/plugins/bootstrap.min7433.css]
[techbird.org/omnivus/home-1/wp-content/themes/omnivus/assets/css/icons/themify-icons8a54.css]
[techbird.org/omnivus/home-1/wp-content/themes/omnivus/assets/css/icons/font-awesome.min52d5.css]
[techbird.org/omnivus/home-1/wp-content/themes/omnivus/assets/css/defaultf488.css]
[techbird.org/omnivus/home-1/wp-content/themes/omnivus/assets/css/typographyf488.css]
[techbird.org/omnivus/home-1/wp-content/themes/omnivus/assets/css/headerf488.css]
[techbird.org/omnivus/home-1/wp-content/themes/omnivus/assets/css/blog-and-pagesf488.css]
[techbird.org/omnivus/home-1/wp-content/themes/omnivus/assets/css/footerf488.css]
[techbird.org/omnivus/home-1/wp-content/themes/omnivus/assets/css/stylef488.css]
[techbird.org/omnivus/wp-content/uploads/2021/07/banner-gradient-bg.png]
[techbird.org/omnivus/wp-content/uploads/2021/07/footer-bg.jpg]
[techbird.org/omnivus/home-1/wp-content/plugins/elementor/assets/lib/eicons/css/elementor-icons.min3b94.css]
[techbird.org/omnivus/home-1/wp-content/plugins/elementor/assets/css/frontend-lite.mina3be.css]
[techbird.org/omnivus/home-1/wp-content/plugins/elementor/assets/lib/swiper/css/swiper.min48f5.css]
[techbird.org/omnivus/home-1/wp-content/uploads/sites/2/elementor/css/post-56af4.css]
[techbird.org/omnivus/home-1/wp-content/plugins/ultimate-addon/assets/css/slick.min1eb7.css]
[techbird.org/omnivus/home-1/wp-content/plugins/ultimate-addon/assets/css/modal-video.min1eb7.css]
[techbird.org/omnivus/home-1/wp-content/plugins/ultimate-addon/assets/css/TimeCircles1eb7.css]
[techbird.org/omnivus/home-1/wp-content/plugins/ultimate-addon/assets/css/roadmap.min1eb7.css]
[techbird.org/omnivus/home-1/wp-content/plugins/ultimate-addon/assets/css/timeline.min1eb7.css]
[techbird.org/omnivus/home-1/wp-content/uploads/sites/2/elementor/css/global6af4.css]
[techbird.org/omnivus/home-1/wp-content/uploads/sites/2/elementor/css/post-5828d22.css]
[techbird.org/omnivus/home-1/wp-content/themes/omnivus/style1eb7.css]
[techbird.org/omnivus/home-1/wp-content/plugins/elementor/assets/lib/font-awesome/css/fontawesome.min52d5.css]
[techbird.org/omnivus/home-1/wp-content/plugins/elementor/assets/lib/font-awesome/css/solid.min52d5.css]
[techbird.org/omnivus/home-1/wp-includes/js/jquery/jquery.minaf6c.js]
[techbird.org/omnivus/home-1/wp-includes/js/jquery/jquery-migrate.mind617.js]
[techbird.org/omnivus/home-1/wp-json/wp/v2/pages/582.json]
[techbird.org/omnivus/home-1/wp-json/index.html]
[techbird.org/omnivus/home-1/xmlrpc0db0.php]
[techbird.org/omnivus/home-1/wp-includes/wlwmanifest.xml]
[techbird.org/omnivus/home-1/wp-json/oembed/1.0/embede6f6.json]
[techbird.org/omnivus/home-1/wp-json/oembed/1.0/embed5889]
[techbird.org/omnivus/home-1/wp-content/uploads/sites/2/2021/08/favicon.png]
[techbird.org/omnivus/home-1/wp-content/themes/omnivus/assets/img/loader/loeader_square.gif]
[techbird.org/omnivus/home-1/wp-content/uploads/sites/2/2021/07/logo-2.png]
[techbird.org/omnivus/home-1/wp-content/uploads/sites/2/2021/07/banner-man.png]
[techbird.org/omnivus/home-1/about/index.html]
[techbird.org/omnivus/home-1/services/index.html]
[techbird.org/omnivus/home-1/team/index.html]
[techbird.org/omnivus/home-1/wp-content/uploads/sites/2/2021/07/about-thumb.jpg]
[techbird.org/omnivus/home-1/services/services-details/index.html]
[techbird.org/omnivus/home-1/pricing/index.html]
[techbird.org/omnivus/home-1/faq/index.html]
[techbird.org/omnivus/home-1/blog/index.html]
[techbird.org/omnivus/home-1/contact/index.html]
[techbird.org/omnivus/home-1/wp-content/uploads/sites/2/2021/07/intro-thumb.jpg]
[techbird.org/omnivus/home-1/wp-content/uploads/sites/2/2021/08/leadership-5.jpg]
[techbird.org/omnivus/home-1/wp-content/uploads/sites/2/2021/08/leadership-2.jpg]
[techbird.org/omnivus/home-1/wp-content/uploads/sites/2/2021/08/leadership-3.jpg]
[techbird.org/omnivus/home-1/wp-content/uploads/sites/2/2021/08/leadership-1.jpg]
[techbird.org/omnivus/home-1/wp-content/uploads/sites/2/2021/07/tile-gallery-05.jpg]
[techbird.org/omnivus/home-1/wp-content/uploads/sites/2/2021/07/tile-gallery-06.jpg]
[techbird.org/omnivus/home-1/wp-content/uploads/sites/2/2021/08/blog-standard-1-400x400.jpg]
[techbird.org/omnivus/home-1/lorem-ipsum-dolor-sit-amet-consecte-cing-elit-sed-do-eiusmod-tempor-2/index.html]
[techbird.org/omnivus/home-1/category/businese/index.html]
[techbird.org/omnivus/home-1/magna-aliqua-ut-enim-ad-minim-venia-m-quis-nostrud-exercitation-ullamco-2/index.html]
[techbird.org/omnivus/home-1/wp-content/uploads/sites/2/2021/08/blog-standard-3-400x400.jpg]
[techbird.org/omnivus/home-1/wp-content/uploads/sites/2/2021/07/logo-1.1.png]
[techbird.org/cdn-cgi/scripts/5c5dd728/cloudflare-static/email-decode.min.js]
[techbird.org/omnivus/home-1/category/consultant/index.html]
[techbird.org/omnivus/home-1/wp-content/plugins/elementor/assets/lib/animations/animations.mina3be.css]
[techbird.org/omnivus/home-1/wp-content/plugins/ultimate-addon/assets/js/appear1eb7.js]
[techbird.org/omnivus/home-1/wp-content/plugins/ultimate-addon/assets/js/owl.carousel.min1eb7.js]
[techbird.org/omnivus/home-1/wp-content/plugins/ultimate-addon/assets/js/slick.min1eb7.js]
[techbird.org/omnivus/home-1/in-reprehenderit-in-voluptate-velit-esse-cillum-dolore-eu-fugiat-nulla-pariatur/index.html]
[techbird.org/omnivus/home-1/wp-content/plugins/ultimate-addon/assets/js/swiper.min1eb7.js]
[techbird.org/omnivus/home-1/wp-content/plugins/ultimate-addon/assets/js/modal-video.min1eb7.js]
[techbird.org/omnivus/home-1/wp-content/plugins/ultimate-addon/assets/js/TimeCircles1eb7.js]
[techbird.org/omnivus/home-1/wp-content/plugins/ultimate-addon/assets/js/roadmap.min1eb7.js]
[techbird.org/omnivus/home-1/wp-content/plugins/ultimate-addon/assets/js/timeline.min1eb7.js]
[techbird.org/omnivus/home-1/wp-includes/js/imagesloaded.mineda1.js]
[techbird.org/omnivus/home-1/wp-content/plugins/ultimate-addon/assets/js/isotope.pkgd.min1eb7.js]
[techbird.org/omnivus/home-1/wp-includes/js/masonry.min3a05.js]
[techbird.org/omnivus/home-1/wp-content/plugins/ultimate-addon/assets/js/ajaxchimp1eb7.js]
[techbird.org/omnivus/home-1/wp-content/plugins/ultimate-addon/assets/js/anime.min1eb7.js]
[techbird.org/omnivus/home-1/wp-content/plugins/ultimate-addon/assets/js/ultimate-effect.min1eb7.js]
[techbird.org/omnivus/home-1/wp-content/plugins/ultimate-addon/assets/js/active1eb7.js]
[techbird.org/omnivus/home-1/wp-content/plugins/contact-form-7/includes/swv/js/index3960.js]
[techbird.org/omnivus/home-1/wp-content/plugins/contact-form-7/includes/js/index3960.js]
[techbird.org/omnivus/home-1/wp-content/plugins/omnivuscore/assets/js/active8a54.js]
[techbird.org/omnivus/home-1/wp-content/plugins/social-heart-count/heart-count8a54.js]
[techbird.org/omnivus/home-1/wp-content/themes/omnivus/assets/js/vendor/bootstrap.min7433.js]
[techbird.org/omnivus/home-1/wp-includes/js/jquery/ui/effect.min0028.js]
[techbird.org/omnivus/home-1/wp-content/themes/omnivus/assets/js/wow.mincfa9.js]
[techbird.org/omnivus/home-1/wp-content/themes/omnivus/assets/js/stellarnav.min001e.js]
[techbird.org/omnivus/home-1/wp-content/themes/omnivus/assets/js/jquery.selectbox.min8a54.js]
[techbird.org/omnivus/home-1/wp-content/themes/omnivus/assets/js/jquery.fitvidsf488.js]
[techbird.org/omnivus/home-1/wp-content/themes/omnivus/assets/js/placeholdem.min8a54.js]
[techbird.org/omnivus/home-1/wp-content/themes/omnivus/assets/js/jquery.sticky4b68.js]
[techbird.org/omnivus/home-1/wp-content/themes/omnivus/assets/js/footer-reveal.min8a54.js]
[techbird.org/omnivus/home-1/wp-content/themes/omnivus/assets/js/ResizeSensor.min8a54.js]
[techbird.org/omnivus/home-1/wp-content/themes/omnivus/assets/js/theia-sticky-sidebar.min8a54.js]
[techbird.org/omnivus/home-1/wp-content/themes/omnivus/assets/js/mainf488.js]
[techbird.org/omnivus/home-1/wp-content/plugins/elementor/assets/js/frontend-modules.mina3be.js]
[techbird.org/omnivus/home-1/wp-content/plugins/elementor/assets/lib/waypoints/waypoints.min05da.js]
[techbird.org/omnivus/home-1/wp-includes/js/jquery/ui/core.min0028.js]
[techbird.org/omnivus/home-1/index.html]
[techbird.org/omnivus/home-1/wp-includes/css/dist/block-library/style.min1eb7.css]
[techbird.org/omnivus/home-1/wp-content/plugins/contact-form-7/includes/css/styles3960.css]
[techbird.org/omnivus/home-1/wp-content/plugins/omnivuscore/assets/css/widgets8a54.css]
[techbird.org/omnivus/home-1/wp-content/plugins/omnivuscore/assets/css/overwrite8a54.css]
[techbird.org/omnivus/home-1/wp-content/plugins/omnivuscore/assets/css/core-inline8a54.css]
[techbird.org/omnivus/home-1/wp-content/plugins/social-heart-count/heart-count8a54.css]
[techbird.org/omnivus/home-1/wp-content/plugins/elementor/assets/js/frontend.mina3be.js]
[techbird.org/omnivus/home-1/wp-content/plugins/ultimate-addon/assets/nature-sprite.png]
[techbird.org/omnivus/home-1/wp-content/plugins/ultimate-addon/assets/urban-sprite.png]
[techbird.org/omnivus/home-1/wp-content/plugins/ultimate-addon/assets/nature-sprite-2c523.png]
[techbird.org/omnivus/home-1/wp-content/plugins/ultimate-addon/assets/img/service_stripe_bg.png]
[techbird.org/omnivus/home-1/wp-content/plugins/ultimate-addon/assets/css/widgets7359.css]
[techbird.org/omnivus/home-1/wp-content/plugins/ultimate-addon/assets/css/overwrite7359.css]
[techbird.org/omnivus/home-1/wp-content/themes/omnivus-child/stylef488.css]
[techbird.org/omnivus/home-1/wp-content/themes/omnivus/assets/fonts/gilroy-light-webfont.woff2]
[techbird.org/omnivus/home-1/wp-content/themes/omnivus/assets/fonts/gilroy-light-webfont.woff]
[techbird.org/omnivus/home-1/wp-content/themes/omnivus/assets/fonts/gilroy-lightitalic-webfont.woff2]
[techbird.org/omnivus/home-1/wp-content/themes/omnivus/assets/fonts/gilroy-lightitalic-webfont.woff]
[techbird.org/omnivus/home-1/wp-content/themes/omnivus/assets/fonts/gilroy-regular-webfont.woff2]
[techbird.org/omnivus/home-1/wp-content/themes/omnivus/assets/fonts/gilroy-regular-webfont.woff]
[techbird.org/omnivus/home-1/wp-content/themes/omnivus/assets/fonts/gilroy-regularitalic-webfont.woff2]
[techbird.org/omnivus/home-1/wp-content/themes/omnivus/assets/fonts/gilroy-regularitalic-webfont.woff]
[techbird.org/omnivus/home-1/wp-content/themes/omnivus/assets/fonts/gilroy-medium-webfont.woff2]
[techbird.org/omnivus/home-1/wp-content/themes/omnivus/assets/fonts/gilroy-medium-webfont.woff]
[techbird.org/omnivus/home-1/wp-content/themes/omnivus/assets/fonts/gilroy-mediumitalic-webfont.woff2]
[techbird.org/omnivus/home-1/wp-content/themes/omnivus/assets/fonts/gilroy-mediumitalic-webfont.woff]
[techbird.org/omnivus/home-1/wp-content/themes/omnivus/assets/fonts/gilroy-bold-webfont.woff2]
[techbird.org/omnivus/home-1/wp-content/themes/omnivus/assets/fonts/gilroy-bold-webfont.woff]
[techbird.org/omnivus/home-1/wp-content/themes/omnivus/assets/fonts/gilroy-bolditalic-webfont.woff2]
[techbird.org/omnivus/home-1/wp-content/themes/omnivus/assets/fonts/gilroy-bolditalic-webfont.woff]
[techbird.org/omnivus/home-1/wp-content/themes/omnivus/assets/fonts/gilroy-extrabold-webfont.woff2]
[techbird.org/omnivus/home-1/wp-content/themes/omnivus/assets/fonts/gilroy-extrabold-webfont.woff]
[techbird.org/omnivus/home-1/wp-content/themes/omnivus/assets/fonts/gilroy-extrabolditalic-webfont.woff2]
[techbird.org/omnivus/home-1/wp-content/themes/omnivus/assets/fonts/gilroy-extrabolditalic-webfont.woff]
[techbird.org/omnivus/home-1/wp-content/themes/omnivus/assets/fonts/gilroy-black-webfont.woff2]
[techbird.org/omnivus/home-1/wp-content/themes/omnivus/assets/fonts/gilroy-black-webfont.woff]
[techbird.org/omnivus/home-1/wp-content/themes/omnivus/assets/fonts/gilroy-blackitalic-webfont.woff2]
[techbird.org/omnivus/home-1/wp-content/themes/omnivus/assets/fonts/gilroy-blackitalic-webfont.woff]
[techbird.org/omnivus/home-1/wp-content/themes/omnivus/assets/fonts/gilroy-heavy-webfont.woff2]
[techbird.org/omnivus/home-1/wp-content/themes/omnivus/assets/fonts/gilroy-heavy-webfont.woff]
[techbird.org/omnivus/home-1/wp-content/themes/omnivus/assets/fonts/gilroy-heavyitalic-webfont.woff2]
[techbird.org/omnivus/home-1/wp-content/themes/omnivus/assets/fonts/gilroy-heavyitalic-webfont.woff]
[techbird.org/omnivus/home-1/wp-content/themes/omnivus/assets/fonts/fontsf488.css]
[techbird.org/omnivus/home-1/wp-content/themes/omnivus/assets/css/plugins/animate8a54.css]
[techbird.org/omnivus/home-1/wp-content/plugins/omnivuscore/assets/img/owl.video.play.png]
[techbird.org/omnivus/home-1/wp-content/plugins/omnivuscore/assets/css/owl.carousel8a54.css]
[techbird.org/omnivus/home-1/wp-content/themes/omnivus/assets/css/plugins/stellarnav.min001e.css]
[techbird.org/omnivus/home-1/wp-content/themes/omnivus/assets/img/select-icons.png]
[techbird.org/omnivus/home-1/wp-content/themes/omnivus/assets/css/plugins/jquery.selectbox001e.css]
[techbird.org/omnivus/home-1/wp-content/themes/omnivus/assets/css/fonts/glyphicons-halflings-regular.eot]
[techbird.org/omnivus/home-1/wp-content/themes/omnivus/assets/css/fonts/glyphicons-halflings-regulard41d.eot]
[techbird.org/omnivus/home-1/wp-content/themes/omnivus/assets/css/fonts/glyphicons-halflings-regular.woff2]
[techbird.org/omnivus/home-1/wp-content/themes/omnivus/assets/css/fonts/glyphicons-halflings-regular.woff]
[techbird.org/omnivus/home-1/wp-content/themes/omnivus/assets/css/fonts/glyphicons-halflings-regular.ttf]
[techbird.org/omnivus/home-1/wp-content/themes/omnivus/assets/css/fonts/glyphicons-halflings-regular.svg]
[techbird.org/omnivus/home-1/wp-content/themes/omnivus/assets/css/plugins/bootstrap.min7433.css]
[techbird.org/omnivus/home-1/wp-content/themes/omnivus/assets/fonts/themifyd41d.eot]
[techbird.org/omnivus/home-1/wp-content/themes/omnivus/assets/fonts/themify9f24.woff]
[techbird.org/omnivus/home-1/wp-content/themes/omnivus/assets/fonts/themify9f24.ttf]
[techbird.org/omnivus/home-1/wp-content/themes/omnivus/assets/css/icons/themify-icons8a54.css]
[techbird.org/omnivus/home-1/wp-content/themes/omnivus/assets/fonts/themify9f24.svg]
[techbird.org/omnivus/home-1/wp-content/themes/omnivus/assets/fonts/fa-brands-400.eot]
[techbird.org/omnivus/home-1/wp-content/themes/omnivus/assets/fonts/fa-brands-400d41d.eot]
[techbird.org/omnivus/home-1/wp-content/themes/omnivus/assets/fonts/fa-brands-400.woff2]
[techbird.org/omnivus/home-1/wp-content/themes/omnivus/assets/fonts/fa-brands-400.woff]
[techbird.org/omnivus/home-1/wp-content/themes/omnivus/assets/fonts/fa-brands-400.ttf]
[techbird.org/omnivus/home-1/wp-content/themes/omnivus/assets/fonts/fa-brands-400.svg]
[techbird.org/omnivus/home-1/wp-content/themes/omnivus/assets/fonts/fa-regular-400.eot]
[techbird.org/omnivus/home-1/wp-content/themes/omnivus/assets/fonts/fa-regular-400d41d.eot]
[techbird.org/omnivus/home-1/wp-content/themes/omnivus/assets/fonts/fa-regular-400.woff2]
[techbird.org/omnivus/home-1/wp-content/themes/omnivus/assets/fonts/fa-regular-400.woff]
[techbird.org/omnivus/home-1/wp-content/themes/omnivus/assets/fonts/fa-regular-400.ttf]
[techbird.org/omnivus/home-1/wp-content/themes/omnivus/assets/fonts/fa-regular-400.svg]
[techbird.org/omnivus/home-1/wp-content/themes/omnivus/assets/fonts/fa-solid-900.eot]
[techbird.org/omnivus/home-1/wp-content/themes/omnivus/assets/fonts/fa-solid-900.woff2]
[techbird.org/omnivus/home-1/wp-content/themes/omnivus/assets/fonts/fa-solid-900d41d.eot]
[techbird.org/omnivus/home-1/wp-content/themes/omnivus/assets/fonts/fa-solid-900.woff]
[techbird.org/omnivus/home-1/wp-content/themes/omnivus/assets/fonts/fa-solid-900.ttf]
[techbird.org/omnivus/home-1/wp-content/themes/omnivus/assets/css/icons/font-awesome.min52d5.css]
[techbird.org/omnivus/home-1/wp-content/themes/omnivus/assets/css/defaultf488.css]
[techbird.org/omnivus/home-1/wp-content/themes/omnivus/assets/css/typographyf488.css]
[techbird.org/omnivus/home-1/wp-content/themes/omnivus/assets/css/headerf488.css]
[techbird.org/omnivus/home-1/wp-content/themes/omnivus/assets/img/404-bg.png]
[techbird.org/omnivus/home-1/wp-content/themes/omnivus/assets/img/blog/quote_bg.png]
[techbird.org/omnivus/home-1/wp-content/themes/omnivus/assets/css/blog-and-pagesf488.css]
[techbird.org/omnivus/home-1/wp-content/themes/omnivus/assets/css/footerf488.css]
[techbird.org/omnivus/home-1/wp-content/themes/omnivus/assets/css/stylef488.css]
[techbird.org/omnivus/home-1/wp-content/themes/omnivus/assets/fonts/fa-solid-900.svg]
[techbird.org/omnivus/home-1/wp-content/plugins/elementor/assets/lib/eicons/fonts/eiconsd6bb.eot]
[techbird.org/omnivus/home-1/wp-content/plugins/elementor/assets/lib/eicons/fonts/eiconsd6bb.woff2]
[techbird.org/omnivus/home-1/wp-content/plugins/elementor/assets/lib/eicons/fonts/eiconsd6bb.woff]
[techbird.org/omnivus/home-1/wp-content/plugins/elementor/assets/lib/eicons/fonts/eiconsd6bb.ttf]
[techbird.org/omnivus/home-1/wp-content/plugins/elementor/assets/lib/eicons/css/elementor-icons.min3b94.css]
[techbird.org/omnivus/home-1/wp-content/plugins/elementor/assets/css/frontend-lite.mina3be.css]
[techbird.org/omnivus/home-1/wp-content/plugins/elementor/assets/lib/swiper/css/swiper.min48f5.css]
[techbird.org/omnivus/home-1/wp-content/uploads/sites/2/elementor/css/post-56af4.css]
[techbird.org/omnivus/home-1/wp-content/plugins/elementor/assets/lib/eicons/fonts/eiconsd6bb.svg]
[techbird.org/omnivus/home-1/wp-content/plugins/ultimate-addon/assets/img/ajax-loader.gif]
[techbird.org/omnivus/home-1/wp-content/plugins/ultimate-addon/assets/fonts/slick.eot]
[techbird.org/omnivus/home-1/wp-content/plugins/ultimate-addon/assets/fonts/slickd41d.eot]
[techbird.org/omnivus/home-1/wp-content/plugins/ultimate-addon/assets/fonts/slick.woff]
[techbird.org/omnivus/home-1/wp-content/plugins/ultimate-addon/assets/fonts/slick.ttf]
[techbird.org/omnivus/home-1/wp-content/plugins/ultimate-addon/assets/fonts/slick.svg]
[techbird.org/omnivus/home-1/wp-content/plugins/ultimate-addon/assets/css/slick.min1eb7.css]
[techbird.org/omnivus/home-1/wp-content/plugins/ultimate-addon/assets/css/modal-video.min1eb7.css]
[techbird.org/omnivus/home-1/wp-content/plugins/ultimate-addon/assets/css/TimeCircles1eb7.css]
[techbird.org/omnivus/home-1/wp-content/plugins/ultimate-addon/assets/css/roadmap.min1eb7.css]
[techbird.org/omnivus/home-1/wp-content/plugins/ultimate-addon/assets/img/arrow-left.svg]
[techbird.org/omnivus/home-1/wp-content/plugins/ultimate-addon/assets/css/timeline.min1eb7.css]
[techbird.org/omnivus/home-1/wp-content/uploads/sites/2/elementor/css/global6af4.css]
[techbird.org/omnivus/home-1/wp-content/plugins/ultimate-addon/assets/img/arrow-right.svg]
[techbird.org/omnivus/home-1/wp-content/uploads/sites/2/2021/07/banner-gradient-bg.png]
[techbird.org/omnivus/home-1/wp-content/uploads/sites/2/2021/07/intro-video-bg.jpg]
[techbird.org/omnivus/home-1/wp-content/uploads/sites/2/2021/07/contact-bg-2.jpg]
[techbird.org/omnivus/home-1/wp-content/uploads/sites/2/2021/07/cta-bg-4.jpg]
[techbird.org/omnivus/home-1/wp-content/uploads/sites/2/elementor/css/post-5828d22.css]
[techbird.org/omnivus/home-1/wp-content/themes/omnivus/style1eb7.css]
[techbird.org/omnivus/home-1/wp-content/plugins/elementor/assets/lib/font-awesome/css/fontawesome.min52d5.css]
[techbird.org/omnivus/home-1/wp-content/plugins/elementor/assets/lib/font-awesome/webfonts/fa-solid-900.eot]
[techbird.org/omnivus/home-1/wp-content/plugins/elementor/assets/lib/font-awesome/webfonts/fa-solid-900.woff2]
[techbird.org/omnivus/home-1/wp-content/plugins/elementor/assets/lib/font-awesome/webfonts/fa-solid-900d41d.eot]
[techbird.org/omnivus/home-1/wp-content/plugins/elementor/assets/lib/font-awesome/webfonts/fa-solid-900.woff]
[techbird.org/omnivus/home-1/wp-content/plugins/elementor/assets/lib/font-awesome/webfonts/fa-solid-900.ttf]
[techbird.org/omnivus/home-1/wp-content/plugins/elementor/assets/lib/font-awesome/css/solid.min52d5.css]
[techbird.org/omnivus/home-1/wp-content/uploads/sites/2/elementor/css/post-586e217.css]
[techbird.org/omnivus/home-1/wp-content/plugins/elementor/assets/lib/font-awesome/webfonts/fa-solid-900.svg]
[techbird.org/omnivus/home-1/wp-json/wp/v2/pages/586.json]
[techbird.org/omnivus/home-1/wp-json/oembed/1.0/embede135.json]
[techbird.org/omnivus/home-1/wp-json/oembed/1.0/embeda248]
[techbird.org/omnivus/home-1/wp-content/uploads/sites/2/2021/07/intro-thumb-1.jpg]
[techbird.org/omnivus/home-1/wp-content/uploads/sites/2/2021/07/history-1.jpg]
[techbird.org/omnivus/home-1/wp-content/uploads/sites/2/2021/07/history-2.jpg]
[techbird.org/omnivus/home-1/wp-content/uploads/sites/2/2021/07/history-3.jpg]
[techbird.org/omnivus/home-1/wp-content/uploads/sites/2/2021/07/history-4.jpg]
[techbird.org/omnivus/home-1/about/index.html]
[techbird.org/omnivus/home-1/wp-content/uploads/sites/2/elementor/css/post-588c380.css]
[techbird.org/omnivus/home-1/wp-json/wp/v2/pages/588.json]
[techbird.org/omnivus/home-1/wp-json/oembed/1.0/embed012a.json]
[techbird.org/omnivus/home-1/wp-json/oembed/1.0/embed8168]
[techbird.org/omnivus/home-1/wp-content/uploads/sites/2/2021/08/07.jpg]
[techbird.org/omnivus/home-1/wp-content/uploads/sites/2/2021/08/10.jpg]
[techbird.org/omnivus/home-1/wp-content/uploads/sites/2/2021/08/08.jpg]
[techbird.org/omnivus/home-1/wp-content/uploads/sites/2/2021/08/11.jpg]
[techbird.org/omnivus/home-1/wp-content/uploads/sites/2/2021/08/09.jpg]
[techbird.org/omnivus/home-1/wp-content/uploads/sites/2/2021/08/12.jpg]
[techbird.org/omnivus/home-1/wp-content/uploads/sites/2/elementor/css/post-3558b9a.css]
[techbird.org/omnivus/home-1/wp-content/uploads/sites/2/elementor/css/post-3594969.css]
[techbird.org/omnivus/home-1/services/index.html]
[techbird.org/omnivus/home-1/wp-content/uploads/sites/2/elementor/css/post-1885b537.css]
[techbird.org/omnivus/home-1/wp-json/wp/v2/pages/1885.json]
[techbird.org/omnivus/home-1/wp-json/oembed/1.0/embed8794.json]
[techbird.org/omnivus/home-1/wp-json/oembed/1.0/embedbf6d]
[techbird.org/omnivus/home-1/wp-content/uploads/sites/2/2021/08/services-op-1.jpg]
[techbird.org/omnivus/home-1/wp-content/uploads/sites/2/2021/08/services-op-2-300x300.jpg]
[techbird.org/omnivus/home-1/services/services-details/index.html]
[techbird.org/omnivus/home-1/wp-content/uploads/sites/2/elementor/css/post-2662e72a.css]
[techbird.org/omnivus/home-1/wp-json/wp/v2/pages/2662.json]
[techbird.org/omnivus/home-1/wp-json/oembed/1.0/embed682b.json]
[techbird.org/omnivus/home-1/wp-json/oembed/1.0/embed1a63]
[techbird.org/omnivus/home-1/wp-content/uploads/sites/2/2021/08/team-1.png]
[techbird.org/omnivus/home-1/wp-content/uploads/sites/2/2021/08/team-2.png]
[techbird.org/omnivus/home-1/wp-content/uploads/sites/2/2021/08/team-3.png]
[techbird.org/omnivus/home-1/wp-content/uploads/sites/2/2021/08/team-4.png]
[techbird.org/omnivus/home-1/wp-content/uploads/sites/2/2021/08/team-5.png]
[techbird.org/omnivus/home-1/wp-content/uploads/sites/2/2021/08/team-6.png]
[techbird.org/omnivus/home-1/wp-content/uploads/sites/2/2021/08/team-7.png]
[techbird.org/omnivus/home-1/wp-content/uploads/sites/2/2021/08/team-8.png]
[techbird.org/omnivus/home-1/wp-content/uploads/sites/2/2021/08/team-join-thumb.png]
[techbird.org/omnivus/home-1/team/index.html]
[techbird.org/omnivus/home-1/wp-content/uploads/sites/2/elementor/css/post-265762c7.css]
[techbird.org/omnivus/home-1/wp-json/wp/v2/pages/2657.json]
[techbird.org/omnivus/home-1/wp-json/oembed/1.0/embed00e7.json]
[techbird.org/omnivus/home-1/pricing/index.html]
[techbird.org/omnivus/home-1/wp-content/uploads/sites/2/elementor/css/post-2640d092.css]
[techbird.org/omnivus/home-1/wp-json/wp/v2/pages/2640.json]
[techbird.org/omnivus/home-1/wp-json/oembed/1.0/embeddaa1.json]
[techbird.org/omnivus/home-1/wp-json/oembed/1.0/embedd6e3]
[techbird.org/omnivus/home-1/faq/index.html]
[techbird.org/omnivus/home-1/wp-content/uploads/sites/2/2021/08/blog-standard-1-770x450.jpg]
[techbird.org/omnivus/home-1/author/techbird/index.html]
[techbird.org/omnivus/home-1/wp-content/uploads/sites/2/2021/08/blog-standard-3-770x450.jpg]
[techbird.org/omnivus/wp-content/uploads/2021/08/leadership-5-150x150.jpg]
[techbird.org/omnivus/home-1/magna-aliqua-ut-enim-ad-minim-venia-m-quis-nostrud-exercitation-ullamco/index.html]
[techbird.org/omnivus/home-1/adipisicing-elit-sed-do-eiusmod-tempor-incididunt-ut-labore-et-dolore/index.html]
[techbird.org/omnivus/home-1/wp-content/uploads/sites/2/2021/08/blog-standard-1-150x150.jpg]
[techbird.org/omnivus/home-1/lorem-ipsum-dolor-sit-amet-consecte-cing-elit-sed-do-eiusmod-tempor/index.html]
[techbird.org/omnivus/home-1/wp-content/uploads/sites/2/2021/08/blog-standard-3-150x150.jpg]
[techbird.org/omnivus/home-1/wp-content/uploads/sites/2/2021/08/blog-standard-2-150x150.jpg]
[techbird.org/omnivus/home-1/blog/index.html]
[techbird.org/omnivus/home-1/tag/desgin/index.html]
[techbird.org/omnivus/home-1/tag/consult/index.html]
[techbird.org/omnivus/home-1/tag/business/index.html]
[techbird.org/omnivus/home-1/wp-content/uploads/sites/2/elementor/css/post-592c149.css]
[techbird.org/omnivus/home-1/tag/develop/index.html]
[techbird.org/omnivus/home-1/tag/icon/index.html]
[techbird.org/omnivus/home-1/tag/keyboard/index.html]
[techbird.org/omnivus/home-1/wp-json/wp/v2/pages/592.json]
[techbird.org/omnivus/home-1/tag/kit/index.html]
[techbird.org/omnivus/home-1/tag/mouse/index.html]
[techbird.org/omnivus/home-1/wp-json/oembed/1.0/embed9992.json]
[techbird.org/omnivus/home-1/tag/tech/index.html]
[techbird.org/omnivus/home-1/tag/popular/index.html]
[techbird.org/omnivus/home-1/tag/usability/index.html]
[techbird.org/omnivus/home-1/wp-json/oembed/1.0/embed06b5]
[techbird.org/omnivus/home-1/wp-content/plugins/elementor/assets/css/widget-icon-box.min.css]
[techbird.org/omnivus/home-1/tag/ux/index.html]
[techbird.org/omnivus/home-1/wp-content/uploads/sites/2/2021/08/contact-thumb.jpg]
[techbird.org/omnivus/home-1/contact/index.html]
[techbird.org/omnivus/home-1/wp-json/wp/v2/posts/2007.json]
[techbird.org/omnivus/home-1/lorem-ipsum-dolor-sit-amet-consecte-cing-elit-sed-do-eiusmod-tempor-2/feed/index.html]
[techbird.org/omnivus/home-1/wp-json/oembed/1.0/embed5ee9.json]
[techbird.org/omnivus/home-1/wp-json/oembed/1.0/embedf883]
[techbird.org/omnivus/home-1/xmlrpc.php]
[techbird.org/omnivus/home-1/wp-content/uploads/sites/2/2021/08/blog-standard-1.jpg]
[techbird.org/omnivus/home-1/2021/08/05/index.html]
[techbird.org/omnivus/wp-content/uploads/2021/08/post-details-300x149.jpg]
[techbird.org/omnivus/home-1/wp-content/uploads/sites/2/2021/08/post-details-2.jpg]
[techbird.org/omnivus/home-1/wp-content/uploads/sites/2/2021/08/post-details-3.jpg]
[techbird.org/omnivus/home-1/wp-includes/js/comment-reply.min1eb7.js]
[techbird.org/omnivus/home-1/lorem-ipsum-dolor-sit-amet-consecte-cing-elit-sed-do-eiusmod-tempor-2/index.html]
[techbird.org/omnivus/home-1/category/businese/index.html]
[techbird.org/omnivus/home-1/wp-json/wp/v2/categories/3.json]
[techbird.org/omnivus/home-1/category/businese/feed/index.html]
[techbird.org/omnivus/home-1/wp-json/wp/v2/posts/2008.json]
[techbird.org/omnivus/home-1/magna-aliqua-ut-enim-ad-minim-venia-m-quis-nostrud-exercitation-ullamco-2/feed/index.html]
[techbird.org/omnivus/home-1/wp-json/oembed/1.0/embed2e03.json]
[techbird.org/omnivus/home-1/wp-json/oembed/1.0/embed29a1]
[techbird.org/omnivus/home-1/wp-content/uploads/sites/2/2021/08/blog-standard-3.jpg]
[techbird.org/omnivus/home-1/magna-aliqua-ut-enim-ad-minim-venia-m-quis-nostrud-exercitation-ullamco-2/index.html]
[techbird.org/omnivus/home-1/category/consultant/index.html]
[techbird.org/omnivus/home-1/wp-json/wp/v2/categories/4.json]
[techbird.org/omnivus/home-1/category/consultant/feed/index.html]
[techbird.org/omnivus/home-1/2021/08/04/index.html]
[techbird.org/omnivus/home-1/in-reprehenderit-in-voluptate-velit-esse-cillum-dolore-eu-fugiat-nulla-pariatur/feed/index.html]
[techbird.org/omnivus/home-1/wp-json/wp/v2/posts/2006.json]
[techbird.org/omnivus/home-1/wp-json/oembed/1.0/embed7e5c.json]
[techbird.org/omnivus/home-1/wp-json/oembed/1.0/embedba5e]
[techbird.org/omnivus/home-1/in-reprehenderit-in-voluptate-velit-esse-cillum-dolore-eu-fugiat-nulla-pariatur/index.html]
[techbird.org/omnivus/home-1/wp-content/plugins/elementor/assets/lib/animations/animations.mina3be.css]
[techbird.org/omnivus/home-1/wp-content/plugins/ultimate-addon/assets/nature-sprite.html]
[techbird.org/omnivus/home-1/wp-content/plugins/ultimate-addon/assets/urban-sprite.html]
[techbird.org/omnivus/home-1/wp-content/plugins/ultimate-addon/assets/nature-sprite-2c523.html]
[techbird.org/omnivus/home-1/wp-content/plugins/omnivuscore/assets/img/owl.video.play.html]
[techbird.org/omnivus/home-1/wp-content/themes/omnivus/assets/css/fonts/glyphicons-halflings-regular.html]
[techbird.org/omnivus/home-1/wp-content/themes/omnivus/assets/css/fonts/glyphicons-halflings-regulard41d.html]
[techbird.org/omnivus/home-1/wp-content/themes/omnivus/assets/css/fonts/glyphicons-halflings-regular-2.html]
[techbird.org/omnivus/home-1/wp-content/themes/omnivus/assets/css/fonts/glyphicons-halflings-regular-3.html]
[techbird.org/omnivus/home-1/wp-content/themes/omnivus/assets/css/fonts/glyphicons-halflings-regular-4.html]
[techbird.org/omnivus/home-1/wp-content/themes/omnivus/assets/css/fonts/glyphicons-halflings-regular-5.html]
[techbird.org/omnivus/home-1/wp-content/themes/omnivus/assets/fonts/themify9f24.svg]
[techbird.org/omnivus/home-1/wp-content/themes/omnivus/assets/fonts/fa-brands-400.svg]
[techbird.org/omnivus/home-1/wp-content/themes/omnivus/assets/fonts/fa-regular-400.svg]
[techbird.org/omnivus/home-1/wp-content/themes/omnivus/assets/fonts/fa-solid-900.svg]
[techbird.org/omnivus/home-1/wp-content/plugins/elementor/assets/lib/eicons/fonts/eiconsd6bb.svg]
[techbird.org/omnivus/home-1/wp-content/plugins/ultimate-addon/assets/fonts/slick.html]
[techbird.org/omnivus/home-1/wp-content/plugins/ultimate-addon/assets/fonts/slickd41d.html]
[techbird.org/omnivus/home-1/wp-content/plugins/ultimate-addon/assets/fonts/slick-2.html]
[techbird.org/omnivus/home-1/wp-content/plugins/ultimate-addon/assets/fonts/slick-3.html]
[techbird.org/omnivus/home-1/wp-content/plugins/ultimate-addon/assets/fonts/slick-4.html]
[techbird.org/omnivus/home-1/wp-content/plugins/ultimate-addon/assets/img/arrow-left.svg]
[techbird.org/omnivus/home-1/wp-content/plugins/ultimate-addon/assets/img/arrow-right.svg]
[techbird.org/omnivus/home-1/wp-content/plugins/elementor/assets/lib/font-awesome/webfonts/fa-solid-900.svg]
[techbird.org/omnivus/home-1/wp-content/themes/omnivus/assets/fonts/themify9f24.eot]
[techbird.org/omnivus/home-1/wp-content/plugins/elementor/assets/js/webpack.runtime.mina3be.js]
[techbird.org/omnivus/home-1/wp-content/uploads/sites/2/2021/07/faq-bg.jpg]
[techbird.org/omnivus/home-1/wp-content/uploads/sites/2/elementor/css/post-586e217.css]
[techbird.org/omnivus/home-1/index0ced.html]
[techbird.org/omnivus/home-1/wp-content/uploads/sites/2/elementor/css/post-588c380.css]
[techbird.org/omnivus/home-1/indexc535.html]
[techbird.org/omnivus/home-1/wp-content/uploads/sites/2/elementor/css/post-3558b9a.css]
[techbird.org/omnivus/home-1/wp-content/uploads/sites/2/elementor/css/post-3594969.css]
[techbird.org/omnivus/home-1/wp-content/uploads/sites/2/elementor/css/post-1885b537.css]
[techbird.org/omnivus/home-1/index5e30.html]
[techbird.org/omnivus/home-1/wp-content/uploads/sites/2/elementor/css/post-2662e72a.css]
[techbird.org/omnivus/home-1/index035d.html]
[techbird.org/omnivus/home-1/wp-content/uploads/sites/2/elementor/css/post-265762c7.css]
[techbird.org/omnivus/home-1/indexb2a0.html]
[techbird.org/omnivus/home-1/wp-content/uploads/sites/2/elementor/css/post-2640d092.css]
[techbird.org/omnivus/home-1/index605d.html]
[techbird.org/omnivus/home-1/wp-json/oembed/1.0/embed3646]
[techbird.org/omnivus/home-1/author/techbird/index.html]
[techbird.org/omnivus/home-1/wp-json/wp/v2/users/1.json]
[techbird.org/omnivus/home-1/author/techbird/feed/index.html]
[techbird.org/omnivus/home-1/wp-json/wp/v2/posts/2005.json]
[techbird.org/omnivus/home-1/magna-aliqua-ut-enim-ad-minim-venia-m-quis-nostrud-exercitation-ullamco/feed/index.html]
[techbird.org/omnivus/home-1/wp-json/oembed/1.0/embed3e1b.json]
[techbird.org/omnivus/home-1/wp-json/oembed/1.0/embed5583]
[techbird.org/omnivus/home-1/magna-aliqua-ut-enim-ad-minim-venia-m-quis-nostrud-exercitation-ullamco/index.html]
[techbird.org/omnivus/home-1/wp-json/wp/v2/posts/2004.json]
[techbird.org/omnivus/home-1/adipisicing-elit-sed-do-eiusmod-tempor-incididunt-ut-labore-et-dolore/feed/index.html]
[techbird.org/omnivus/home-1/wp-json/oembed/1.0/embedc14d.json]
[techbird.org/omnivus/home-1/wp-json/oembed/1.0/embed0865]
[techbird.org/omnivus/home-1/adipisicing-elit-sed-do-eiusmod-tempor-incididunt-ut-labore-et-dolore/index.html]
[techbird.org/omnivus/home-1/wp-json/wp/v2/posts/1995.json]
[techbird.org/omnivus/home-1/lorem-ipsum-dolor-sit-amet-consecte-cing-elit-sed-do-eiusmod-tempor/feed/index.html]
[techbird.org/omnivus/home-1/wp-json/oembed/1.0/embedee36.json]
[techbird.org/omnivus/home-1/wp-json/oembed/1.0/embedf79b]
[techbird.org/omnivus/home-1/lorem-ipsum-dolor-sit-amet-consecte-cing-elit-sed-do-eiusmod-tempor/index.html]
[techbird.org/omnivus/home-1/tag/business/index.html]
[techbird.org/omnivus/home-1/wp-json/wp/v2/tags/10.json]
[techbird.org/omnivus/home-1/tag/business/feed/index.html]
[techbird.org/omnivus/home-1/2021/08/02/index.html]
[techbird.org/omnivus/home-1/tag/consult/index.html]
[techbird.org/omnivus/home-1/wp-json/wp/v2/tags/11.json]
[techbird.org/omnivus/home-1/tag/consult/feed/index.html]
[techbird.org/omnivus/home-1/tag/desgin/index.html]
[techbird.org/omnivus/home-1/wp-json/wp/v2/tags/12.json]
[techbird.org/omnivus/home-1/tag/desgin/feed/index.html]
[techbird.org/omnivus/home-1/tag/develop/index.html]
[techbird.org/omnivus/home-1/wp-json/wp/v2/tags/13.json]
[techbird.org/omnivus/home-1/tag/develop/feed/index.html]
[techbird.org/omnivus/home-1/tag/icon/index.html]
[techbird.org/omnivus/home-1/wp-json/wp/v2/tags/15.json]
[techbird.org/omnivus/home-1/tag/keyboard/index.html]
[techbird.org/omnivus/home-1/wp-json/wp/v2/tags/17.json]
[techbird.org/omnivus/home-1/tag/kit/feed/index.html]
[techbird.org/omnivus/home-1/tag/kit/index.html]
[techbird.org/omnivus/home-1/wp-json/wp/v2/tags/18.json]
[techbird.org/omnivus/home-1/tag/keyboard/feed/index.html]
[techbird.org/omnivus/home-1/tag/mouse/feed/index.html]
[techbird.org/omnivus/home-1/tag/mouse/index.html]
[techbird.org/omnivus/home-1/wp-json/wp/v2/tags/19.json]
[techbird.org/omnivus/home-1/tag/popular/feed/index.html]
[techbird.org/omnivus/home-1/tag/popular/index.html]
[techbird.org/omnivus/home-1/wp-json/wp/v2/tags/20.json]
[techbird.org/omnivus/home-1/tag/icon/feed/index.html]
[techbird.org/omnivus/home-1/tag/tech/feed/index.html]
[techbird.org/omnivus/home-1/tag/tech/index.html]
[techbird.org/omnivus/home-1/wp-json/wp/v2/tags/22.json]
[techbird.org/omnivus/home-1/tag/usability/feed/index.html]
[techbird.org/omnivus/home-1/tag/usability/index.html]
[techbird.org/omnivus/home-1/wp-json/wp/v2/tags/23.json]
[techbird.org/omnivus/home-1/tag/ux/feed/index.html]
[techbird.org/omnivus/home-1/tag/ux/index.html]
[techbird.org/omnivus/home-1/wp-content/uploads/sites/2/elementor/css/post-592c149.css]
[techbird.org/omnivus/home-1/index568a.html]
[techbird.org/omnivus/home-1/wp-content/plugins/elementor/assets/css/widget-icon-box.min.css]
[techbird.org/omnivus/home-1/index30ee.html]
[techbird.org/omnivus/home-1/xmlrpc.php]
[techbird.org/omnivus/home-1/2021/08/05/index.html]
[techbird.org/omnivus/home-1/indexf820.html]
[techbird.org/omnivus/home-1/2021/08/04/index.html]
[techbird.org/omnivus/home-1/index7254.html]
[techbird.org/omnivus/home-1/index83b7.html]
[techbird.org/omnivus/home-1/index98a6.html]
[techbird.org/omnivus/home-1/indexa3ab.html]
[techbird.org/omnivus/home-1/2021/08/02/index.html]
[techbird.org/omnivus/home-1/wp-json/wp/v2/tags/24]
